Testing Gemini API...
node : Error 
Details: {
At line:1 char:1
+ node 
test-gemini.mjs > 
test-output.txt 2>&1
+ ~~~~~~~~~~~~~~~~~~~
~~~~~~~~~~~~~~~~~~~~~
~~~
    + CategoryInfo   
           : NotSpe  
  cified: (Error D   
 etails: {:String    
) [], RemoteExce    
ption
    + FullyQualified 
   ErrorId : Native  
  CommandError
 
  "status": 404,
  "statusText": "Not 
Found"
}
Error Message: 
[GoogleGenerativeAI 
Error]: Error 
fetching from https:/
/generativelanguage.g
oogleapis.com/v1beta/
models/gemini-1.5-fla
sh:generateContent: 
[404 Not Found] model
s/gemini-1.5-flash 
is not found for API 
version v1beta, or 
is not supported for 
generateContent. 
Call ListModels to 
see the list of 
available models and 
their supported 
methods.
